
> delivery_f@0.1.0 build
> next build

node.exe : [baseli
ne-browser-mapping
] The data in 
this module is 
over two months 
old.  To ensure 
accurate Baseline 
data, please 
update: `npm i bas
eline-browser-mapp
ing@latest -D`
At C:\Program File
s\nodejs\npm.ps1:2
9 char:3
+   & $NODE_EXE 
$NPM_CLI_JS $args
+   ~~~~~~~~~~~~~~
~~~~~~~~~~~~~~~
    + CategoryInf 
   o          :   
  NotSpecified:   
  ([baseline-b    
rows...ping@l    
atest -D`:Str    
ing) [], Remo    
teException
    + FullyQualif 
   iedErrorId :   
  NativeCommand   
 Error
 
   Γû▓ Next.js 16.0.1 (Turbopack)
   - Experiments (use with caution):
     ┬╖ optimizePackageImports

 ΓÜá The 
"middleware" file 
convention is 
deprecated. 
Please use 
"proxy" instead. 
Learn more: https:
//nextjs.org/docs/
messages/middlewar
e-to-proxy
   Creating an optimized production build ...
[baseline-browser-
mapping] The data 
in this module is 
over two months 
old.  To ensure 
accurate Baseline 
data, please 
update: `npm i bas
eline-browser-mapp
ing@latest -D`
 Γ£ô Compiled successfully in 13.9s
   Running TypeScript ...
Failed to compile.

./components/booki
ng/(create)/Create
Booking.tsx:89:5
Type error: 
Object literal 
may only specify 
known properties, 
and 'mode' does 
not exist in type 
'BookingFormData 
| (() => 
BookingFormData)'.

[0m [90m 87 
|[39m     
[90m// Shipment 
Details[39m
 [90m 88 |[39m  
   contents[33m:
[39m [32m"NON DOX
"[39m[33m,[39m
[31m[1m>[22m[3
9m[90m 89 |[39m 
    
mode[33m:[39m [
32m"SURFACE"[39m
[33m,[39m
 [90m    |[39m  
   [31m[1m^[22m
[39m
 [90m 90 |[39m  
   paymentMode[33
m:[39m [32m""[3
9m[33m,[39m
 [90m 91 |[39m  
   forwardTo[33m:
[39m [32m""[39m
[33m,[39m
 [90m 92 |[39m  
   
thru[33m:[39m [
32m""[39m[33m,[
39m[0m
Next.js build 
worker exited 
with code: 1 and 
signal: null
